[2026-10-02 08:10:22] inicio: 0/9984 hechas, 9984 por correr, n_jobs=4, T=400, out=results_v2/f2b_sobol
[2026-10-02 08:10:42] 50/9984 hechas | 0.3 min | 0.37 s/corrida (pared) 1.41 s/corrida (CPU) | ETA 61.8 min | último p=17 r=0 N_max=4129 t_ext=155.0
[2026-10-02 08:11:02] 100/9984 hechas | 0.7 min | 0.39 s/corrida (pared) 1.56 s/corrida (CPU) | ETA 64.8 min | último p=32 r=2 N_max=3342 t_ext=184.0
[2026-10-02 08:11:14] 150/9984 hechas | 0.9 min | 0.34 s/corrida (pared) 1.36 s/corrida (CPU) | ETA 55.9 min | último p=49 r=2 N_max=3405 t_ext=193.0
[2026-10-02 08:12:25] 200/9984 hechas | 2.0 min | 0.61 s/corrida (pared) 2.40 s/corrida (CPU) | ETA 99.5 min | último p=66 r=1 N_max=2544 t_ext=194.0
[2026-10-02 08:12:35] 250/9984 hechas | 2.2 min | 0.53 s/corrida (pared) 2.11 s/corrida (CPU) | ETA 85.8 min | último p=83 r=0 N_max=2048 t_ext=199.0
[2026-10-02 08:12:44] 300/9984 hechas | 2.4 min | 0.47 s/corrida (pared) 1.88 s/corrida (CPU) | ETA 76.0 min | último p=99 r=2 N_max=1547 t_ext=149.0
[2026-10-02 08:13:02] 350/9984 hechas | 2.6 min | 0.45 s/corrida (pared) 1.80 s/corrida (CPU) | ETA 72.8 min | último p=115 r=1 N_max=4070 t_ext=224.0
[2026-10-02 08:13:21] 400/9984 hechas | 3.0 min | 0.45 s/corrida (pared) 1.78 s/corrida (CPU) | ETA 71.2 min | último p=129 r=2 N_max=9637 t_ext=183.0
[2026-10-02 08:13:38] 450/9984 hechas | 3.2 min | 0.43 s/corrida (pared) 1.73 s/corrida (CPU) | ETA 68.8 min | último p=149 r=2 N_max=4316 t_ext=179.0
[2026-10-02 08:13:57] 500/9984 hechas | 3.6 min | 0.43 s/corrida (pared) 1.71 s/corrida (CPU) | ETA 67.8 min | último p=166 r=1 N_max=4093 t_ext=238.0
[2026-10-02 08:14:07] 550/9984 hechas | 3.7 min | 0.41 s/corrida (pared) 1.62 s/corrida (CPU) | ETA 64.1 min | último p=183 r=0 N_max=3269 t_ext=180.0
[2026-10-02 08:14:20] 600/9984 hechas | 4.0 min | 0.40 s/corrida (pared) 1.58 s/corrida (CPU) | ETA 61.9 min | último p=199 r=2 N_max=2115 t_ext=166.0
[2026-10-02 08:14:30] 650/9984 hechas | 4.1 min | 0.38 s/corrida (pared) 1.52 s/corrida (CPU) | ETA 59.1 min | último p=216 r=1 N_max=1758 t_ext=167.0
[2026-10-02 08:14:43] 700/9984 hechas | 4.3 min | 0.37 s/corrida (pared) 1.48 s/corrida (CPU) | ETA 57.4 min | último p=233 r=0 N_max=3543 t_ext=167.0
[2026-10-02 08:15:02] 750/9984 hechas | 4.7 min | 0.37 s/corrida (pared) 1.49 s/corrida (CPU) | ETA 57.3 min | último p=249 r=2 N_max=2388 t_ext=193.0
[2026-10-02 08:15:11] 800/9984 hechas | 4.8 min | 0.36 s/corrida (pared) 1.44 s/corrida (CPU) | ETA 55.2 min | último p=266 r=1 N_max=2063 t_ext=194.0
[2026-10-02 08:15:26] 850/9984 hechas | 5.0 min | 0.36 s/corrida (pared) 1.42 s/corrida (CPU) | ETA 54.3 min | último p=283 r=0 N_max=4409 t_ext=204.0
[2026-10-02 08:15:37] 900/9984 hechas | 5.2 min | 0.35 s/corrida (pared) 1.39 s/corrida (CPU) | ETA 52.7 min | último p=299 r=2 N_max=5345 t_ext=165.0
[2026-10-02 08:15:57] 950/9984 hechas | 5.6 min | 0.35 s/corrida (pared) 1.40 s/corrida (CPU) | ETA 52.9 min | último p=315 r=2 N_max=4255 t_ext=389.0
[2026-10-02 08:16:11] 1000/9984 hechas | 5.8 min | 0.35 s/corrida (pared) 1.39 s/corrida (CPU) | ETA 52.1 min | último p=333 r=0 N_max=1694 t_ext=178.0
[2026-10-02 08:16:26] 1050/9984 hechas | 6.0 min | 0.35 s/corrida (pared) 1.38 s/corrida (CPU) | ETA 51.4 min | último p=349 r=2 N_max=3087 t_ext=201.0
[2026-10-02 08:16:37] 1100/9984 hechas | 6.2 min | 0.34 s/corrida (pared) 1.36 s/corrida (CPU) | ETA 50.3 min | último p=366 r=1 N_max=1559 t_ext=145.0
[2026-10-02 08:16:53] 1150/9984 hechas | 6.5 min | 0.34 s/corrida (pared) 1.35 s/corrida (CPU) | ETA 49.9 min | último p=383 r=1 N_max=4755 t_ext=190.0
[2026-10-02 08:17:10] 1200/9984 hechas | 6.8 min | 0.34 s/corrida (pared) 1.35 s/corrida (CPU) | ETA 49.6 min | último p=399 r=2 N_max=2570 t_ext=214.0
[2026-10-02 08:18:01] 1250/9984 hechas | 7.6 min | 0.37 s/corrida (pared) 1.46 s/corrida (CPU) | ETA 53.4 min | último p=414 r=1 N_max=11214 t_ext=164.0
[2026-10-02 08:18:16] 1300/9984 hechas | 7.9 min | 0.36 s/corrida (pared) 1.45 s/corrida (CPU) | ETA 52.7 min | último p=434 r=0 N_max=2093 t_ext=152.0
[2026-10-02 08:18:33] 1350/9984 hechas | 8.2 min | 0.36 s/corrida (pared) 1.45 s/corrida (CPU) | ETA 52.2 min | último p=449 r=2 N_max=4746 t_ext=194.0
[2026-10-02 08:18:47] 1400/9984 hechas | 8.4 min | 0.36 s/corrida (pared) 1.44 s/corrida (CPU) | ETA 51.5 min | último p=466 r=1 N_max=3341 t_ext=179.0
[2026-10-02 08:18:56] 1450/9984 hechas | 8.5 min | 0.35 s/corrida (pared) 1.41 s/corrida (CPU) | ETA 50.3 min | último p=483 r=1 N_max=3870 t_ext=236.0
[2026-10-02 08:19:16] 1500/9984 hechas | 8.9 min | 0.36 s/corrida (pared) 1.42 s/corrida (CPU) | ETA 50.2 min | último p=500 r=0 N_max=1470 t_ext=166.0
[2026-10-02 08:19:27] 1550/9984 hechas | 9.1 min | 0.35 s/corrida (pared) 1.40 s/corrida (CPU) | ETA 49.3 min | último p=516 r=1 N_max=4120 t_ext=159.0
[2026-10-02 08:19:45] 1600/9984 hechas | 9.4 min | 0.35 s/corrida (pared) 1.40 s/corrida (CPU) | ETA 49.1 min | último p=533 r=0 N_max=3898 t_ext=164.0
[2026-10-02 08:20:01] 1650/9984 hechas | 9.6 min | 0.35 s/corrida (pared) 1.40 s/corrida (CPU) | ETA 48.6 min | último p=549 r=1 N_max=3949 t_ext=200.0
[2026-10-02 08:20:11] 1700/9984 hechas | 9.8 min | 0.35 s/corrida (pared) 1.38 s/corrida (CPU) | ETA 47.8 min | último p=566 r=1 N_max=1844 t_ext=196.0
[2026-10-02 08:20:25] 1750/9984 hechas | 10.0 min | 0.34 s/corrida (pared) 1.37 s/corrida (CPU) | ETA 47.2 min | último p=583 r=0 N_max=3955 t_ext=163.0
[2026-10-02 08:20:39] 1800/9984 hechas | 10.3 min | 0.34 s/corrida (pared) 1.37 s/corrida (CPU) | ETA 46.7 min | último p=599 r=2 N_max=1554 t_ext=139.0
[2026-10-02 08:21:02] 1850/9984 hechas | 10.6 min | 0.35 s/corrida (pared) 1.38 s/corrida (CPU) | ETA 46.8 min | último p=615 r=2 N_max=9054 t_ext=177.0
[2026-10-02 08:21:26] 1900/9984 hechas | 11.1 min | 0.35 s/corrida (pared) 1.39 s/corrida (CPU) | ETA 47.0 min | último p=633 r=0 N_max=1492 t_ext=150.0
[2026-10-02 08:21:52] 1950/9984 hechas | 11.5 min | 0.35 s/corrida (pared) 1.41 s/corrida (CPU) | ETA 47.3 min | último p=649 r=2 N_max=5218 t_ext=218.0
[2026-10-02 08:22:03] 2000/9984 hechas | 11.7 min | 0.35 s/corrida (pared) 1.40 s/corrida (CPU) | ETA 46.5 min | último p=666 r=1 N_max=2979 t_ext=173.0
[2026-10-02 08:22:17] 2050/9984 hechas | 11.9 min | 0.35 s/corrida (pared) 1.39 s/corrida (CPU) | ETA 46.1 min | último p=683 r=0 N_max=4558 t_ext=176.0
[2026-10-02 08:22:33] 2100/9984 hechas | 12.2 min | 0.35 s/corrida (pared) 1.39 s/corrida (CPU) | ETA 45.6 min | último p=699 r=1 N_max=3456 t_ext=167.0
[2026-10-02 08:22:46] 2150/9984 hechas | 12.4 min | 0.35 s/corrida (pared) 1.38 s/corrida (CPU) | ETA 45.1 min | último p=716 r=1 N_max=3136 t_ext=180.0
[2026-10-02 08:22:58] 2200/9984 hechas | 12.6 min | 0.34 s/corrida (pared) 1.37 s/corrida (CPU) | ETA 44.5 min | último p=732 r=2 N_max=4072 t_ext=250.0
[2026-10-02 08:23:19] 2250/9984 hechas | 12.9 min | 0.34 s/corrida (pared) 1.38 s/corrida (CPU) | ETA 44.5 min | último p=749 r=2 N_max=7069 t_ext=171.0
[2026-10-02 08:23:30] 2300/9984 hechas | 13.1 min | 0.34 s/corrida (pared) 1.37 s/corrida (CPU) | ETA 43.8 min | último p=766 r=1 N_max=2464 t_ext=144.0
[2026-10-02 08:24:01] 2350/9984 hechas | 13.6 min | 0.35 s/corrida (pared) 1.39 s/corrida (CPU) | ETA 44.3 min | último p=782 r=2 N_max=4265 t_ext=182.0
[2026-10-02 08:24:14] 2400/9984 hechas | 13.8 min | 0.35 s/corrida (pared) 1.38 s/corrida (CPU) | ETA 43.8 min | último p=799 r=2 N_max=1675 t_ext=168.0
[2026-10-02 08:24:33] 2450/9984 hechas | 14.2 min | 0.35 s/corrida (pared) 1.39 s/corrida (CPU) | ETA 43.6 min | último p=816 r=1 N_max=6634 t_ext=188.0
[2026-10-02 08:24:57] 2500/9984 hechas | 14.6 min | 0.35 s/corrida (pared) 1.40 s/corrida (CPU) | ETA 43.6 min | último p=832 r=2 N_max=6483 t_ext=170.0
[2026-10-02 08:25:19] 2550/9984 hechas | 14.9 min | 0.35 s/corrida (pared) 1.40 s/corrida (CPU) | ETA 43.5 min | último p=850 r=0 N_max=3406 t_ext=158.0
[2026-10-02 08:25:32] 2600/9984 hechas | 15.1 min | 0.35 s/corrida (pared) 1.40 s/corrida (CPU) | ETA 43.0 min | último p=866 r=1 N_max=2273 t_ext=197.0
[2026-10-02 08:25:42] 2650/9984 hechas | 15.3 min | 0.35 s/corrida (pared) 1.38 s/corrida (CPU) | ETA 42.4 min | último p=883 r=0 N_max=2103 t_ext=184.0
[2026-10-02 08:25:50] 2700/9984 hechas | 15.4 min | 0.34 s/corrida (pared) 1.37 s/corrida (CPU) | ETA 41.7 min | último p=899 r=2 N_max=2120 t_ext=184.0
[2026-10-02 08:26:00] 2750/9984 hechas | 15.6 min | 0.34 s/corrida (pared) 1.36 s/corrida (CPU) | ETA 41.1 min | último p=916 r=1 N_max=2037 t_ext=148.0
[2026-10-02 08:26:47] 2800/9984 hechas | 16.4 min | 0.35 s/corrida (pared) 1.40 s/corrida (CPU) | ETA 42.1 min | último p=932 r=2 N_max=11805 t_ext=174.0
[2026-10-02 08:27:03] 2850/9984 hechas | 16.7 min | 0.35 s/corrida (pared) 1.40 s/corrida (CPU) | ETA 41.7 min | último p=948 r=2 N_max=5740 t_ext=203.0
[2026-10-02 08:27:16] 2900/9984 hechas | 16.9 min | 0.35 s/corrida (pared) 1.40 s/corrida (CPU) | ETA 41.3 min | último p=965 r=2 N_max=5767 t_ext=204.0
[2026-10-02 08:27:35] 2950/9984 hechas | 17.2 min | 0.35 s/corrida (pared) 1.40 s/corrida (CPU) | ETA 41.0 min | último p=983 r=1 N_max=2955 t_ext=188.0
[2026-10-02 08:27:49] 3000/9984 hechas | 17.4 min | 0.35 s/corrida (pared) 1.39 s/corrida (CPU) | ETA 40.6 min | último p=999 r=2 N_max=3064 t_ext=158.0
[2026-10-02 08:28:04] 3050/9984 hechas | 17.7 min | 0.35 s/corrida (pared) 1.39 s/corrida (CPU) | ETA 40.2 min | último p=1016 r=1 N_max=1917 t_ext=168.0
[2026-10-02 08:28:24] 3100/9984 hechas | 18.0 min | 0.35 s/corrida (pared) 1.39 s/corrida (CPU) | ETA 40.0 min | último p=1033 r=0 N_max=6882 t_ext=159.0
[2026-10-02 08:28:49] 3150/9984 hechas | 18.4 min | 0.35 s/corrida (pared) 1.40 s/corrida (CPU) | ETA 40.0 min | último p=1049 r=1 N_max=4627 t_ext=200.0
[2026-10-02 08:29:16] 3200/9984 hechas | 18.9 min | 0.35 s/corrida (pared) 1.41 s/corrida (CPU) | ETA 40.0 min | último p=1067 r=0 N_max=1201 t_ext=162.0
[2026-10-02 08:29:24] 3250/9984 hechas | 19.0 min | 0.35 s/corrida (pared) 1.40 s/corrida (CPU) | ETA 39.4 min | último p=1082 r=2 N_max=3402 t_ext=191.0
[2026-10-02 08:29:40] 3300/9984 hechas | 19.3 min | 0.35 s/corrida (pared) 1.40 s/corrida (CPU) | ETA 39.1 min | último p=1099 r=2 N_max=3532 t_ext=280.0
[2026-10-02 08:29:53] 3350/9984 hechas | 19.5 min | 0.35 s/corrida (pared) 1.40 s/corrida (CPU) | ETA 38.6 min | último p=1116 r=1 N_max=3031 t_ext=162.0
[2026-10-02 08:30:08] 3400/9984 hechas | 19.8 min | 0.35 s/corrida (pared) 1.39 s/corrida (CPU) | ETA 38.3 min | último p=1133 r=0 N_max=1573 t_ext=149.0
[2026-10-02 08:30:17] 3450/9984 hechas | 19.9 min | 0.35 s/corrida (pared) 1.38 s/corrida (CPU) | ETA 37.7 min | último p=1149 r=2 N_max=1417 t_ext=156.0
[2026-10-02 08:30:45] 3500/9984 hechas | 20.4 min | 0.35 s/corrida (pared) 1.39 s/corrida (CPU) | ETA 37.7 min | último p=1166 r=1 N_max=7589 t_ext=156.0
[2026-10-02 08:31:02] 3550/9984 hechas | 20.6 min | 0.35 s/corrida (pared) 1.39 s/corrida (CPU) | ETA 37.4 min | último p=1183 r=0 N_max=2170 t_ext=166.0
[2026-10-02 08:31:15] 3600/9984 hechas | 20.9 min | 0.35 s/corrida (pared) 1.39 s/corrida (CPU) | ETA 37.0 min | último p=1200 r=0 N_max=4672 t_ext=176.0
[2026-10-02 08:31:29] 3650/9984 hechas | 21.1 min | 0.35 s/corrida (pared) 1.39 s/corrida (CPU) | ETA 36.6 min | último p=1216 r=1 N_max=2229 t_ext=196.0
[2026-10-02 08:31:46] 3700/9984 hechas | 21.4 min | 0.35 s/corrida (pared) 1.38 s/corrida (CPU) | ETA 36.3 min | último p=1233 r=0 N_max=5098 t_ext=185.0
[2026-10-02 08:31:55] 3750/9984 hechas | 21.5 min | 0.34 s/corrida (pared) 1.38 s/corrida (CPU) | ETA 35.8 min | último p=1249 r=2 N_max=2220 t_ext=161.0
[2026-10-02 08:32:12] 3800/9984 hechas | 21.8 min | 0.34 s/corrida (pared) 1.38 s/corrida (CPU) | ETA 35.5 min | último p=1266 r=1 N_max=6975 t_ext=171.0
[2026-10-02 08:32:25] 3850/9984 hechas | 22.0 min | 0.34 s/corrida (pared) 1.37 s/corrida (CPU) | ETA 35.1 min | último p=1283 r=0 N_max=1912 t_ext=184.0
[2026-10-02 08:32:49] 3900/9984 hechas | 22.4 min | 0.35 s/corrida (pared) 1.38 s/corrida (CPU) | ETA 35.0 min | último p=1299 r=2 N_max=3623 t_ext=229.0
[2026-10-02 08:33:04] 3950/9984 hechas | 22.7 min | 0.34 s/corrida (pared) 1.38 s/corrida (CPU) | ETA 34.6 min | último p=1317 r=0 N_max=2076 t_ext=137.0
[2026-10-02 08:33:13] 4000/9984 hechas | 22.8 min | 0.34 s/corrida (pared) 1.37 s/corrida (CPU) | ETA 34.2 min | último p=1333 r=0 N_max=2818 t_ext=196.0
[2026-10-02 08:33:28] 4050/9984 hechas | 23.1 min | 0.34 s/corrida (pared) 1.37 s/corrida (CPU) | ETA 33.8 min | último p=1349 r=2 N_max=4033 t_ext=179.0
[2026-10-02 08:33:39] 4100/9984 hechas | 23.3 min | 0.34 s/corrida (pared) 1.36 s/corrida (CPU) | ETA 33.4 min | último p=1366 r=1 N_max=4698 t_ext=181.0
[2026-10-02 08:33:57] 4150/9984 hechas | 23.6 min | 0.34 s/corrida (pared) 1.36 s/corrida (CPU) | ETA 33.1 min | último p=1383 r=1 N_max=3605 t_ext=175.0
[2026-10-02 08:34:20] 4200/9984 hechas | 23.9 min | 0.34 s/corrida (pared) 1.37 s/corrida (CPU) | ETA 33.0 min | último p=1400 r=1 N_max=3083 t_ext=192.0
[2026-10-02 08:34:36] 4250/9984 hechas | 24.2 min | 0.34 s/corrida (pared) 1.37 s/corrida (CPU) | ETA 32.7 min | último p=1416 r=1 N_max=4227 t_ext=206.0
[2026-10-02 08:34:48] 4300/9984 hechas | 24.4 min | 0.34 s/corrida (pared) 1.36 s/corrida (CPU) | ETA 32.3 min | último p=1433 r=0 N_max=3720 t_ext=247.0
[2026-10-02 08:35:00] 4350/9984 hechas | 24.6 min | 0.34 s/corrida (pared) 1.36 s/corrida (CPU) | ETA 31.9 min | último p=1450 r=0 N_max=2642 t_ext=179.0
[2026-10-02 08:35:19] 4400/9984 hechas | 24.9 min | 0.34 s/corrida (pared) 1.36 s/corrida (CPU) | ETA 31.6 min | último p=1466 r=1 N_max=5314 t_ext=313.0
[2026-10-02 08:35:35] 4450/9984 hechas | 25.2 min | 0.34 s/corrida (pared) 1.36 s/corrida (CPU) | ETA 31.3 min | último p=1483 r=0 N_max=2085 t_ext=167.0
[2026-10-02 08:35:43] 4500/9984 hechas | 25.3 min | 0.34 s/corrida (pared) 1.35 s/corrida (CPU) | ETA 30.9 min | último p=1499 r=0 N_max=5629 t_ext=196.0
[2026-10-02 08:35:58] 4550/9984 hechas | 25.6 min | 0.34 s/corrida (pared) 1.35 s/corrida (CPU) | ETA 30.6 min | último p=1516 r=1 N_max=3072 t_ext=154.0
[2026-10-02 08:36:09] 4600/9984 hechas | 25.8 min | 0.34 s/corrida (pared) 1.34 s/corrida (CPU) | ETA 30.2 min | último p=1533 r=1 N_max=1597 t_ext=140.0
[2026-10-02 08:36:30] 4650/9984 hechas | 26.1 min | 0.34 s/corrida (pared) 1.34 s/corrida (CPU) | ETA 30.0 min | último p=1549 r=2 N_max=8488 t_ext=169.0
[2026-10-02 08:37:07] 4700/9984 hechas | 26.7 min | 0.34 s/corrida (pared) 1.36 s/corrida (CPU) | ETA 30.1 min | último p=1566 r=1 N_max=2741 t_ext=197.0
[2026-10-02 08:37:19] 4750/9984 hechas | 26.9 min | 0.34 s/corrida (pared) 1.36 s/corrida (CPU) | ETA 29.7 min | último p=1583 r=0 N_max=2720 t_ext=154.0
[2026-10-02 08:37:40] 4800/9984 hechas | 27.3 min | 0.34 s/corrida (pared) 1.36 s/corrida (CPU) | ETA 29.5 min | último p=1599 r=2 N_max=3326 t_ext=156.0
[2026-10-02 08:37:51] 4850/9984 hechas | 27.5 min | 0.34 s/corrida (pared) 1.36 s/corrida (CPU) | ETA 29.1 min | último p=1616 r=1 N_max=1581 t_ext=161.0
[2026-10-02 08:38:12] 4900/9984 hechas | 27.8 min | 0.34 s/corrida (pared) 1.36 s/corrida (CPU) | ETA 28.9 min | último p=1633 r=0 N_max=6855 t_ext=181.0
[2026-10-02 08:38:24] 4950/9984 hechas | 28.0 min | 0.34 s/corrida (pared) 1.36 s/corrida (CPU) | ETA 28.5 min | último p=1649 r=2 N_max=1686 t_ext=158.0
[2026-10-02 08:38:40] 5000/9984 hechas | 28.3 min | 0.34 s/corrida (pared) 1.36 s/corrida (CPU) | ETA 28.2 min | último p=1666 r=1 N_max=1599 t_ext=146.0
[2026-10-02 08:38:52] 5050/9984 hechas | 28.5 min | 0.34 s/corrida (pared) 1.35 s/corrida (CPU) | ETA 27.8 min | último p=1682 r=2 N_max=4867 t_ext=188.0
[2026-10-02 08:39:02] 5100/9984 hechas | 28.7 min | 0.34 s/corrida (pared) 1.35 s/corrida (CPU) | ETA 27.4 min | último p=1699 r=1 N_max=2126 t_ext=139.0
[2026-10-02 08:39:39] 5150/9984 hechas | 29.3 min | 0.34 s/corrida (pared) 1.36 s/corrida (CPU) | ETA 27.5 min | último p=1716 r=2 N_max=3920 t_ext=243.0
[2026-10-02 08:39:53] 5200/9984 hechas | 29.5 min | 0.34 s/corrida (pared) 1.36 s/corrida (CPU) | ETA 27.1 min | último p=1732 r=2 N_max=2743 t_ext=167.0
[2026-10-02 08:40:05] 5250/9984 hechas | 29.7 min | 0.34 s/corrida (pared) 1.36 s/corrida (CPU) | ETA 26.8 min | último p=1749 r=2 N_max=3327 t_ext=221.0
[2026-10-02 08:40:15] 5300/9984 hechas | 29.9 min | 0.34 s/corrida (pared) 1.35 s/corrida (CPU) | ETA 26.4 min | último p=1766 r=1 N_max=2619 t_ext=174.0
[2026-10-02 08:40:27] 5350/9984 hechas | 30.1 min | 0.34 s/corrida (pared) 1.35 s/corrida (CPU) | ETA 26.0 min | último p=1782 r=2 N_max=4203 t_ext=225.0
[2026-10-02 08:40:42] 5400/9984 hechas | 30.3 min | 0.34 s/corrida (pared) 1.35 s/corrida (CPU) | ETA 25.7 min | último p=1800 r=0 N_max=1554 t_ext=154.0
[2026-10-02 08:40:57] 5450/9984 hechas | 30.6 min | 0.34 s/corrida (pared) 1.34 s/corrida (CPU) | ETA 25.4 min | último p=1816 r=0 N_max=4947 t_ext=157.0
[2026-10-02 08:41:06] 5500/9984 hechas | 30.7 min | 0.34 s/corrida (pared) 1.34 s/corrida (CPU) | ETA 25.0 min | último p=1833 r=0 N_max=3130 t_ext=170.0
[2026-10-02 08:41:27] 5550/9984 hechas | 31.1 min | 0.34 s/corrida (pared) 1.34 s/corrida (CPU) | ETA 24.8 min | último p=1849 r=2 N_max=6429 t_ext=209.0
[2026-10-02 08:41:46] 5600/9984 hechas | 31.4 min | 0.34 s/corrida (pared) 1.34 s/corrida (CPU) | ETA 24.6 min | último p=1866 r=1 N_max=1902 t_ext=160.0
[2026-10-02 08:42:03] 5650/9984 hechas | 31.7 min | 0.34 s/corrida (pared) 1.34 s/corrida (CPU) | ETA 24.3 min | último p=1883 r=0 N_max=4252 t_ext=258.0
[2026-10-02 08:42:13] 5700/9984 hechas | 31.8 min | 0.34 s/corrida (pared) 1.34 s/corrida (CPU) | ETA 23.9 min | último p=1899 r=2 N_max=3216 t_ext=199.0
[2026-10-02 08:42:32] 5750/9984 hechas | 32.1 min | 0.34 s/corrida (pared) 1.34 s/corrida (CPU) | ETA 23.7 min | último p=1917 r=1 N_max=4665 t_ext=153.0
[2026-10-02 08:42:51] 5800/9984 hechas | 32.5 min | 0.34 s/corrida (pared) 1.34 s/corrida (CPU) | ETA 23.4 min | último p=1933 r=0 N_max=3337 t_ext=202.0
[2026-10-02 08:43:10] 5850/9984 hechas | 32.8 min | 0.34 s/corrida (pared) 1.34 s/corrida (CPU) | ETA 23.2 min | último p=1950 r=0 N_max=1547 t_ext=150.0
[2026-10-02 08:43:18] 5900/9984 hechas | 32.9 min | 0.33 s/corrida (pared) 1.34 s/corrida (CPU) | ETA 22.8 min | último p=1966 r=2 N_max=4426 t_ext=183.0
[2026-10-02 08:43:38] 5950/9984 hechas | 33.2 min | 0.34 s/corrida (pared) 1.34 s/corrida (CPU) | ETA 22.5 min | último p=1983 r=1 N_max=4279 t_ext=183.0
[2026-10-02 08:43:52] 6000/9984 hechas | 33.5 min | 0.33 s/corrida (pared) 1.34 s/corrida (CPU) | ETA 22.2 min | último p=2000 r=0 N_max=1906 t_ext=182.0
[2026-10-02 08:44:05] 6050/9984 hechas | 33.7 min | 0.33 s/corrida (pared) 1.34 s/corrida (CPU) | ETA 21.9 min | último p=2016 r=1 N_max=1620 t_ext=145.0
[2026-10-02 08:44:13] 6100/9984 hechas | 33.8 min | 0.33 s/corrida (pared) 1.33 s/corrida (CPU) | ETA 21.5 min | último p=2032 r=2 N_max=2479 t_ext=179.0
[2026-10-02 08:44:31] 6150/9984 hechas | 34.1 min | 0.33 s/corrida (pared) 1.33 s/corrida (CPU) | ETA 21.3 min | último p=2050 r=0 N_max=5593 t_ext=161.0
[2026-10-02 08:44:44] 6200/9984 hechas | 34.4 min | 0.33 s/corrida (pared) 1.33 s/corrida (CPU) | ETA 21.0 min | último p=2066 r=1 N_max=3178 t_ext=245.0
[2026-10-02 08:45:11] 6250/9984 hechas | 34.8 min | 0.33 s/corrida (pared) 1.33 s/corrida (CPU) | ETA 20.8 min | último p=2082 r=2 N_max=6473 t_ext=152.0
[2026-10-02 08:45:28] 6300/9984 hechas | 35.1 min | 0.33 s/corrida (pared) 1.33 s/corrida (CPU) | ETA 20.5 min | último p=2099 r=2 N_max=1011 t_ext=142.0
[2026-10-02 08:45:37] 6350/9984 hechas | 35.2 min | 0.33 s/corrida (pared) 1.33 s/corrida (CPU) | ETA 20.2 min | último p=2116 r=1 N_max=2687 t_ext=224.0
[2026-10-02 08:46:12] 6400/9984 hechas | 35.8 min | 0.34 s/corrida (pared) 1.34 s/corrida (CPU) | ETA 20.1 min | último p=2133 r=0 N_max=1453 t_ext=173.0
[2026-10-02 08:46:22] 6450/9984 hechas | 36.0 min | 0.33 s/corrida (pared) 1.34 s/corrida (CPU) | ETA 19.7 min | último p=2149 r=1 N_max=4484 t_ext=166.0
[2026-10-02 08:46:37] 6500/9984 hechas | 36.2 min | 0.33 s/corrida (pared) 1.34 s/corrida (CPU) | ETA 19.4 min | último p=2166 r=1 N_max=2713 t_ext=207.0
[2026-10-02 08:47:00] 6550/9984 hechas | 36.6 min | 0.34 s/corrida (pared) 1.34 s/corrida (CPU) | ETA 19.2 min | último p=2183 r=2 N_max=2096 t_ext=193.0
[2026-10-02 08:47:23] 6600/9984 hechas | 37.0 min | 0.34 s/corrida (pared) 1.34 s/corrida (CPU) | ETA 19.0 min | último p=2199 r=1 N_max=3884 t_ext=165.0
[2026-10-02 08:47:45] 6650/9984 hechas | 37.4 min | 0.34 s/corrida (pared) 1.35 s/corrida (CPU) | ETA 18.7 min | último p=2216 r=1 N_max=3654 t_ext=198.0
[2026-10-02 08:47:54] 6700/9984 hechas | 37.5 min | 0.34 s/corrida (pared) 1.34 s/corrida (CPU) | ETA 18.4 min | último p=2233 r=0 N_max=1357 t_ext=141.0
[2026-10-02 08:48:06] 6750/9984 hechas | 37.7 min | 0.34 s/corrida (pared) 1.34 s/corrida (CPU) | ETA 18.1 min | último p=2250 r=1 N_max=2377 t_ext=226.0
[2026-10-02 08:48:15] 6800/9984 hechas | 37.9 min | 0.33 s/corrida (pared) 1.33 s/corrida (CPU) | ETA 17.7 min | último p=2266 r=1 N_max=2106 t_ext=180.0
[2026-10-02 08:48:45] 6850/9984 hechas | 38.4 min | 0.34 s/corrida (pared) 1.34 s/corrida (CPU) | ETA 17.6 min | último p=2283 r=0 N_max=7449 t_ext=174.0
[2026-10-02 08:49:00] 6900/9984 hechas | 38.6 min | 0.34 s/corrida (pared) 1.34 s/corrida (CPU) | ETA 17.3 min | último p=2299 r=2 N_max=1625 t_ext=141.0
[2026-10-02 08:49:14] 6950/9984 hechas | 38.8 min | 0.34 s/corrida (pared) 1.34 s/corrida (CPU) | ETA 17.0 min | último p=2316 r=1 N_max=1745 t_ext=198.0
[2026-10-02 08:49:28] 7000/9984 hechas | 39.1 min | 0.34 s/corrida (pared) 1.34 s/corrida (CPU) | ETA 16.7 min | último p=2333 r=0 N_max=6612 t_ext=169.0
[2026-10-02 08:49:48] 7050/9984 hechas | 39.4 min | 0.34 s/corrida (pared) 1.34 s/corrida (CPU) | ETA 16.4 min | último p=2349 r=1 N_max=4844 t_ext=331.0
[2026-10-02 08:50:08] 7100/9984 hechas | 39.8 min | 0.34 s/corrida (pared) 1.34 s/corrida (CPU) | ETA 16.1 min | último p=2366 r=1 N_max=2378 t_ext=170.0
[2026-10-02 08:50:21] 7150/9984 hechas | 40.0 min | 0.34 s/corrida (pared) 1.34 s/corrida (CPU) | ETA 15.8 min | último p=2384 r=0 N_max=2962 t_ext=161.0
[2026-10-02 08:50:30] 7200/9984 hechas | 40.1 min | 0.33 s/corrida (pared) 1.34 s/corrida (CPU) | ETA 15.5 min | último p=2399 r=2 N_max=2104 t_ext=149.0
[2026-10-02 08:51:03] 7250/9984 hechas | 40.7 min | 0.34 s/corrida (pared) 1.34 s/corrida (CPU) | ETA 15.3 min | último p=2417 r=0 N_max=1652 t_ext=143.0
[2026-10-02 08:51:13] 7300/9984 hechas | 40.8 min | 0.34 s/corrida (pared) 1.34 s/corrida (CPU) | ETA 15.0 min | último p=2433 r=0 N_max=5346 t_ext=196.0
[2026-10-02 08:51:27] 7350/9984 hechas | 41.1 min | 0.34 s/corrida (pared) 1.34 s/corrida (CPU) | ETA 14.7 min | último p=2449 r=2 N_max=2100 t_ext=175.0
[2026-10-02 08:51:39] 7400/9984 hechas | 41.3 min | 0.33 s/corrida (pared) 1.34 s/corrida (CPU) | ETA 14.4 min | último p=2466 r=1 N_max=3143 t_ext=156.0
[2026-10-02 08:51:58] 7450/9984 hechas | 41.6 min | 0.33 s/corrida (pared) 1.34 s/corrida (CPU) | ETA 14.1 min | último p=2483 r=0 N_max=2969 t_ext=149.0
[2026-10-02 08:52:09] 7500/9984 hechas | 41.8 min | 0.33 s/corrida (pared) 1.34 s/corrida (CPU) | ETA 13.8 min | último p=2500 r=1 N_max=1274 t_ext=174.0
[2026-10-02 08:52:24] 7550/9984 hechas | 42.0 min | 0.33 s/corrida (pared) 1.33 s/corrida (CPU) | ETA 13.5 min | último p=2516 r=1 N_max=2294 t_ext=190.0
[2026-10-02 08:52:38] 7600/9984 hechas | 42.2 min | 0.33 s/corrida (pared) 1.33 s/corrida (CPU) | ETA 13.3 min | último p=2533 r=0 N_max=3969 t_ext=203.0
[2026-10-02 08:52:45] 7650/9984 hechas | 42.4 min | 0.33 s/corrida (pared) 1.33 s/corrida (CPU) | ETA 12.9 min | último p=2549 r=2 N_max=2185 t_ext=171.0
[2026-10-02 08:53:01] 7700/9984 hechas | 42.6 min | 0.33 s/corrida (pared) 1.33 s/corrida (CPU) | ETA 12.6 min | último p=2566 r=1 N_max=6516 t_ext=194.0
[2026-10-02 08:53:20] 7750/9984 hechas | 42.9 min | 0.33 s/corrida (pared) 1.33 s/corrida (CPU) | ETA 12.4 min | último p=2583 r=0 N_max=3181 t_ext=205.0
[2026-10-02 08:53:40] 7800/9984 hechas | 43.3 min | 0.33 s/corrida (pared) 1.33 s/corrida (CPU) | ETA 12.1 min | último p=2599 r=2 N_max=3039 t_ext=178.0
[2026-10-02 08:54:18] 7850/9984 hechas | 43.9 min | 0.34 s/corrida (pared) 1.34 s/corrida (CPU) | ETA 11.9 min | último p=2616 r=2 N_max=2690 t_ext=155.0
[2026-10-02 08:54:27] 7900/9984 hechas | 44.1 min | 0.33 s/corrida (pared) 1.34 s/corrida (CPU) | ETA 11.6 min | último p=2632 r=2 N_max=2574 t_ext=194.0
[2026-10-02 08:54:39] 7950/9984 hechas | 44.3 min | 0.33 s/corrida (pared) 1.33 s/corrida (CPU) | ETA 11.3 min | último p=2649 r=2 N_max=3788 t_ext=166.0
[2026-10-02 08:54:53] 8000/9984 hechas | 44.5 min | 0.33 s/corrida (pared) 1.33 s/corrida (CPU) | ETA 11.0 min | último p=2666 r=1 N_max=4979 t_ext=165.0
[2026-10-02 08:55:06] 8050/9984 hechas | 44.7 min | 0.33 s/corrida (pared) 1.33 s/corrida (CPU) | ETA 10.7 min | último p=2682 r=2 N_max=3921 t_ext=204.0
[2026-10-02 08:55:21] 8100/9984 hechas | 45.0 min | 0.33 s/corrida (pared) 1.33 s/corrida (CPU) | ETA 10.5 min | último p=2700 r=0 N_max=3144 t_ext=369.0
[2026-10-02 08:55:36] 8150/9984 hechas | 45.2 min | 0.33 s/corrida (pared) 1.33 s/corrida (CPU) | ETA 10.2 min | último p=2716 r=2 N_max=2171 t_ext=177.0
[2026-10-02 08:55:53] 8200/9984 hechas | 45.5 min | 0.33 s/corrida (pared) 1.33 s/corrida (CPU) | ETA 9.9 min | último p=2733 r=0 N_max=1405 t_ext=145.0
[2026-10-02 08:56:04] 8250/9984 hechas | 45.7 min | 0.33 s/corrida (pared) 1.33 s/corrida (CPU) | ETA 9.6 min | último p=2749 r=2 N_max=3199 t_ext=245.0
[2026-10-02 08:56:16] 8300/9984 hechas | 45.9 min | 0.33 s/corrida (pared) 1.33 s/corrida (CPU) | ETA 9.3 min | último p=2766 r=1 N_max=3838 t_ext=192.0
[2026-10-02 08:56:26] 8350/9984 hechas | 46.1 min | 0.33 s/corrida (pared) 1.32 s/corrida (CPU) | ETA 9.0 min | último p=2783 r=0 N_max=6225 t_ext=215.0
[2026-10-02 08:56:50] 8400/9984 hechas | 46.5 min | 0.33 s/corrida (pared) 1.33 s/corrida (CPU) | ETA 8.8 min | último p=2799 r=2 N_max=2897 t_ext=177.0
[2026-10-02 08:56:59] 8450/9984 hechas | 46.6 min | 0.33 s/corrida (pared) 1.32 s/corrida (CPU) | ETA 8.5 min | último p=2816 r=1 N_max=1946 t_ext=140.0
[2026-10-02 08:57:13] 8500/9984 hechas | 46.8 min | 0.33 s/corrida (pared) 1.32 s/corrida (CPU) | ETA 8.2 min | último p=2833 r=1 N_max=1516 t_ext=180.0
[2026-10-02 08:57:35] 8550/9984 hechas | 47.2 min | 0.33 s/corrida (pared) 1.32 s/corrida (CPU) | ETA 7.9 min | último p=2850 r=0 N_max=7752 t_ext=184.0
[2026-10-02 08:58:26] 8600/9984 hechas | 48.0 min | 0.34 s/corrida (pared) 1.34 s/corrida (CPU) | ETA 7.7 min | último p=2866 r=1 N_max=7154 t_ext=188.0
[2026-10-02 08:58:43] 8650/9984 hechas | 48.3 min | 0.34 s/corrida (pared) 1.34 s/corrida (CPU) | ETA 7.5 min | último p=2883 r=0 N_max=1522 t_ext=186.0
[2026-10-02 08:58:52] 8700/9984 hechas | 48.5 min | 0.33 s/corrida (pared) 1.34 s/corrida (CPU) | ETA 7.2 min | último p=2899 r=2 N_max=3647 t_ext=181.0
[2026-10-02 08:59:04] 8750/9984 hechas | 48.7 min | 0.33 s/corrida (pared) 1.33 s/corrida (CPU) | ETA 6.9 min | último p=2917 r=0 N_max=3225 t_ext=220.0
[2026-10-02 08:59:31] 8800/9984 hechas | 49.1 min | 0.34 s/corrida (pared) 1.34 s/corrida (CPU) | ETA 6.6 min | último p=2933 r=0 N_max=7835 t_ext=169.0
[2026-10-02 08:59:46] 8850/9984 hechas | 49.4 min | 0.33 s/corrida (pared) 1.34 s/corrida (CPU) | ETA 6.3 min | último p=2949 r=2 N_max=1126 t_ext=188.0
[2026-10-02 09:00:07] 8900/9984 hechas | 49.7 min | 0.34 s/corrida (pared) 1.34 s/corrida (CPU) | ETA 6.1 min | último p=2966 r=1 N_max=3477 t_ext=171.0
[2026-10-02 09:00:17] 8950/9984 hechas | 49.9 min | 0.33 s/corrida (pared) 1.34 s/corrida (CPU) | ETA 5.8 min | último p=2983 r=0 N_max=1785 t_ext=166.0
[2026-10-02 09:00:32] 9000/9984 hechas | 50.2 min | 0.33 s/corrida (pared) 1.34 s/corrida (CPU) | ETA 5.5 min | último p=2999 r=2 N_max=5081 t_ext=227.0
[2026-10-02 09:00:52] 9050/9984 hechas | 50.5 min | 0.33 s/corrida (pared) 1.34 s/corrida (CPU) | ETA 5.2 min | último p=3015 r=2 N_max=8608 t_ext=161.0
[2026-10-02 09:01:02] 9100/9984 hechas | 50.7 min | 0.33 s/corrida (pared) 1.33 s/corrida (CPU) | ETA 4.9 min | último p=3033 r=0 N_max=2308 t_ext=185.0
[2026-10-02 09:01:12] 9150/9984 hechas | 50.8 min | 0.33 s/corrida (pared) 1.33 s/corrida (CPU) | ETA 4.6 min | último p=3049 r=2 N_max=1409 t_ext=137.0
[2026-10-02 09:01:49] 9200/9984 hechas | 51.4 min | 0.34 s/corrida (pared) 1.34 s/corrida (CPU) | ETA 4.4 min | último p=3067 r=0 N_max=2118 t_ext=187.0
[2026-10-02 09:02:10] 9250/9984 hechas | 51.8 min | 0.34 s/corrida (pared) 1.34 s/corrida (CPU) | ETA 4.1 min | último p=3083 r=1 N_max=2921 t_ext=207.0
[2026-10-02 09:02:30] 9300/9984 hechas | 52.1 min | 0.34 s/corrida (pared) 1.34 s/corrida (CPU) | ETA 3.8 min | último p=3099 r=2 N_max=2661 t_ext=175.0
[2026-10-02 09:02:40] 9350/9984 hechas | 52.3 min | 0.34 s/corrida (pared) 1.34 s/corrida (CPU) | ETA 3.5 min | último p=3116 r=1 N_max=3627 t_ext=158.0
[2026-10-02 09:02:50] 9400/9984 hechas | 52.5 min | 0.33 s/corrida (pared) 1.34 s/corrida (CPU) | ETA 3.3 min | último p=3133 r=0 N_max=2913 t_ext=176.0
[2026-10-02 09:03:05] 9450/9984 hechas | 52.7 min | 0.33 s/corrida (pared) 1.34 s/corrida (CPU) | ETA 3.0 min | último p=3150 r=0 N_max=3831 t_ext=188.0
[2026-10-02 09:03:20] 9500/9984 hechas | 52.9 min | 0.33 s/corrida (pared) 1.34 s/corrida (CPU) | ETA 2.7 min | último p=3166 r=0 N_max=2890 t_ext=169.0
[2026-10-02 09:03:29] 9550/9984 hechas | 53.1 min | 0.33 s/corrida (pared) 1.33 s/corrida (CPU) | ETA 2.4 min | último p=3183 r=1 N_max=1486 t_ext=182.0
[2026-10-02 09:03:46] 9600/9984 hechas | 53.4 min | 0.33 s/corrida (pared) 1.33 s/corrida (CPU) | ETA 2.1 min | último p=3199 r=2 N_max=3531 t_ext=209.0
[2026-10-02 09:03:58] 9650/9984 hechas | 53.6 min | 0.33 s/corrida (pared) 1.33 s/corrida (CPU) | ETA 1.9 min | último p=3216 r=1 N_max=5705 t_ext=244.0
[2026-10-02 09:04:16] 9700/9984 hechas | 53.9 min | 0.33 s/corrida (pared) 1.33 s/corrida (CPU) | ETA 1.6 min | último p=3233 r=0 N_max=4311 t_ext=165.0
[2026-10-02 09:04:27] 9750/9984 hechas | 54.1 min | 0.33 s/corrida (pared) 1.33 s/corrida (CPU) | ETA 1.3 min | último p=3249 r=1 N_max=6165 t_ext=207.0
[2026-10-02 09:04:40] 9800/9984 hechas | 54.3 min | 0.33 s/corrida (pared) 1.33 s/corrida (CPU) | ETA 1.0 min | último p=3267 r=0 N_max=2561 t_ext=150.0
[2026-10-02 09:04:52] 9850/9984 hechas | 54.5 min | 0.33 s/corrida (pared) 1.33 s/corrida (CPU) | ETA 0.7 min | último p=3283 r=0 N_max=1838 t_ext=173.0
[2026-10-02 09:05:26] 9900/9984 hechas | 55.0 min | 0.33 s/corrida (pared) 1.33 s/corrida (CPU) | ETA 0.5 min | último p=3299 r=2 N_max=6756 t_ext=170.0
[2026-10-02 09:05:39] 9950/9984 hechas | 55.3 min | 0.33 s/corrida (pared) 1.33 s/corrida (CPU) | ETA 0.2 min | último p=3315 r=1 N_max=3388 t_ext=nan
[2026-10-02 09:05:50] 9984/9984 hechas | 55.4 min | 0.33 s/corrida (pared) 1.33 s/corrida (CPU) | ETA 0.0 min | último p=3327 r=2 N_max=2532 t_ext=174.0
[2026-10-02 09:05:50] fin de la invocación: 9984/9984 hechas, 0 fallas, 55.4 min
[2026-10-02 09:30:29] inicio: 9984/19968 hechas, 9984 por correr, n_jobs=4, T=400, out=results_v2/f2b_sobol
[2026-10-02 09:30:47] 10034/19968 hechas | 0.3 min | 0.35 s/corrida (pared) 1.31 s/corrida (CPU) | ETA 57.1 min | último p=16 r=4 N_max=4892 t_ext=182.0
[2026-10-02 09:31:07] 10084/19968 hechas | 0.6 min | 0.36 s/corrida (pared) 1.44 s/corrida (CPU) | ETA 60.0 min | último p=33 r=3 N_max=3037 t_ext=199.0
[2026-10-02 09:31:18] 10134/19968 hechas | 0.8 min | 0.32 s/corrida (pared) 1.26 s/corrida (CPU) | ETA 52.1 min | último p=49 r=5 N_max=3187 t_ext=177.0
[2026-10-02 09:32:22] 10184/19968 hechas | 1.9 min | 0.56 s/corrida (pared) 2.20 s/corrida (CPU) | ETA 91.3 min | último p=66 r=5 N_max=2476 t_ext=193.0
[2026-10-02 09:32:32] 10234/19968 hechas | 2.0 min | 0.49 s/corrida (pared) 1.93 s/corrida (CPU) | ETA 78.7 min | último p=82 r=5 N_max=2067 t_ext=218.0
[2026-10-02 09:32:40] 10284/19968 hechas | 2.2 min | 0.43 s/corrida (pared) 1.72 s/corrida (CPU) | ETA 69.7 min | último p=99 r=5 N_max=1375 t_ext=166.0
[2026-10-02 09:32:55] 10334/19968 hechas | 2.4 min | 0.41 s/corrida (pared) 1.65 s/corrida (CPU) | ETA 66.6 min | último p=115 r=4 N_max=4383 t_ext=170.0
[2026-10-02 09:33:14] 10384/19968 hechas | 2.7 min | 0.41 s/corrida (pared) 1.62 s/corrida (CPU) | ETA 65.3 min | último p=129 r=4 N_max=9468 t_ext=171.0
[2026-10-02 09:33:29] 10434/19968 hechas | 3.0 min | 0.40 s/corrida (pared) 1.58 s/corrida (CPU) | ETA 63.0 min | último p=149 r=5 N_max=4024 t_ext=251.0
[2026-10-02 09:33:46] 10484/19968 hechas | 3.3 min | 0.39 s/corrida (pared) 1.57 s/corrida (CPU) | ETA 62.0 min | último p=166 r=4 N_max=4239 t_ext=256.0
[2026-10-02 09:33:56] 10534/19968 hechas | 3.4 min | 0.37 s/corrida (pared) 1.49 s/corrida (CPU) | ETA 58.7 min | último p=183 r=4 N_max=3274 t_ext=157.0
[2026-10-02 09:34:09] 10584/19968 hechas | 3.6 min | 0.36 s/corrida (pared) 1.45 s/corrida (CPU) | ETA 56.9 min | último p=199 r=5 N_max=2145 t_ext=187.0
[2026-10-02 09:34:18] 10634/19968 hechas | 3.8 min | 0.35 s/corrida (pared) 1.40 s/corrida (CPU) | ETA 54.5 min | último p=216 r=4 N_max=1756 t_ext=156.0
[2026-10-02 09:34:29] 10684/19968 hechas | 4.0 min | 0.34 s/corrida (pared) 1.36 s/corrida (CPU) | ETA 52.9 min | último p=233 r=3 N_max=3750 t_ext=159.0
[2026-10-02 09:34:40] interrumpido: 10709/19968 guardadas; relanzar el mismo comando para retomar
[2026-10-02 09:40:54] inicio: 10709/19968 hechas, 9259 por correr, n_jobs=4, T=400, out=results_v2/f2b_sobol
[2026-10-02 09:41:08] 10759/19968 hechas | 0.2 min | 0.26 s/corrida (pared) 1.02 s/corrida (CPU) | ETA 39.9 min | último p=258 r=3 N_max=2081 t_ext=186.0
[2026-10-02 09:41:18] 10809/19968 hechas | 0.4 min | 0.23 s/corrida (pared) 0.89 s/corrida (CPU) | ETA 35.0 min | último p=275 r=3 N_max=3829 t_ext=219.0
[2026-10-02 09:41:29] 10859/19968 hechas | 0.6 min | 0.23 s/corrida (pared) 0.91 s/corrida (CPU) | ETA 34.9 min | último p=291 r=4 N_max=1592 t_ext=154.0
[2026-10-02 09:41:46] 10909/19968 hechas | 0.9 min | 0.26 s/corrida (pared) 1.01 s/corrida (CPU) | ETA 38.7 min | último p=307 r=5 N_max=6989 t_ext=170.0
[2026-10-02 09:42:03] 10959/19968 hechas | 1.1 min | 0.27 s/corrida (pared) 1.08 s/corrida (CPU) | ETA 40.9 min | último p=325 r=3 N_max=1890 t_ext=201.0
[2026-10-02 09:42:14] 11009/19968 hechas | 1.3 min | 0.26 s/corrida (pared) 1.05 s/corrida (CPU) | ETA 39.3 min | último p=341 r=4 N_max=3774 t_ext=192.0
[2026-10-02 09:42:26] 11059/19968 hechas | 1.5 min | 0.26 s/corrida (pared) 1.04 s/corrida (CPU) | ETA 38.8 min | último p=358 r=4 N_max=2379 t_ext=152.0
[2026-10-02 09:42:33] 11109/19968 hechas | 1.6 min | 0.25 s/corrida (pared) 0.98 s/corrida (CPU) | ETA 36.4 min | último p=374 r=4 N_max=1330 t_ext=146.0
[2026-10-02 09:42:57] 11159/19968 hechas | 2.0 min | 0.27 s/corrida (pared) 1.08 s/corrida (CPU) | ETA 39.8 min | último p=391 r=4 N_max=3078 t_ext=172.0
[2026-10-02 09:43:23] 11209/19968 hechas | 2.5 min | 0.30 s/corrida (pared) 1.18 s/corrida (CPU) | ETA 43.3 min | último p=408 r=3 N_max=3284 t_ext=195.0
[2026-10-02 09:44:01] 11259/19968 hechas | 3.1 min | 0.34 s/corrida (pared) 1.35 s/corrida (CPU) | ETA 49.0 min | último p=424 r=5 N_max=4367 t_ext=157.0
[2026-10-02 09:44:12] 11309/19968 hechas | 3.3 min | 0.33 s/corrida (pared) 1.31 s/corrida (CPU) | ETA 47.3 min | último p=441 r=5 N_max=4323 t_ext=185.0
[2026-10-02 09:44:31] 11359/19968 hechas | 3.6 min | 0.33 s/corrida (pared) 1.32 s/corrida (CPU) | ETA 47.6 min | último p=458 r=3 N_max=3187 t_ext=174.0
[2026-10-02 09:44:40] 11409/19968 hechas | 3.8 min | 0.32 s/corrida (pared) 1.28 s/corrida (CPU) | ETA 45.9 min | último p=474 r=5 N_max=2123 t_ext=186.0
[2026-10-02 09:44:59] 11459/19968 hechas | 4.1 min | 0.33 s/corrida (pared) 1.30 s/corrida (CPU) | ETA 46.2 min | último p=491 r=4 N_max=7543 t_ext=189.0
[2026-10-02 09:45:10] 11509/19968 hechas | 4.3 min | 0.32 s/corrida (pared) 1.27 s/corrida (CPU) | ETA 45.0 min | último p=508 r=3 N_max=3076 t_ext=174.0
[2026-10-02 09:45:24] 11559/19968 hechas | 4.5 min | 0.32 s/corrida (pared) 1.26 s/corrida (CPU) | ETA 44.4 min | último p=524 r=5 N_max=3549 t_ext=297.0
[2026-10-02 09:45:41] 11609/19968 hechas | 4.8 min | 0.32 s/corrida (pared) 1.27 s/corrida (CPU) | ETA 44.3 min | último p=541 r=3 N_max=3834 t_ext=192.0
[2026-10-02 09:45:52] 11659/19968 hechas | 4.9 min | 0.31 s/corrida (pared) 1.25 s/corrida (CPU) | ETA 43.3 min | último p=557 r=4 N_max=3135 t_ext=189.0
[2026-10-02 09:46:02] 11709/19968 hechas | 5.1 min | 0.31 s/corrida (pared) 1.23 s/corrida (CPU) | ETA 42.3 min | último p=574 r=5 N_max=3679 t_ext=196.0
[2026-10-02 09:46:16] 11759/19968 hechas | 5.4 min | 0.31 s/corrida (pared) 1.22 s/corrida (CPU) | ETA 41.9 min | último p=591 r=4 N_max=3111 t_ext=190.0
[2026-10-02 09:46:25] 11809/19968 hechas | 5.5 min | 0.30 s/corrida (pared) 1.20 s/corrida (CPU) | ETA 40.8 min | último p=608 r=3 N_max=1664 t_ext=160.0
[2026-10-02 09:47:03] 11859/19968 hechas | 6.1 min | 0.32 s/corrida (pared) 1.27 s/corrida (CPU) | ETA 43.2 min | último p=625 r=4 N_max=1751 t_ext=157.0
[2026-10-02 09:47:18] 11909/19968 hechas | 6.4 min | 0.32 s/corrida (pared) 1.27 s/corrida (CPU) | ETA 42.9 min | último p=641 r=3 N_max=7533 t_ext=152.0
[2026-10-02 09:47:36] 11959/19968 hechas | 6.7 min | 0.32 s/corrida (pared) 1.28 s/corrida (CPU) | ETA 42.8 min | último p=658 r=3 N_max=3069 t_ext=185.0
[2026-10-02 09:47:47] 12009/19968 hechas | 6.9 min | 0.32 s/corrida (pared) 1.26 s/corrida (CPU) | ETA 42.0 min | último p=674 r=4 N_max=3540 t_ext=172.0
[2026-10-02 09:48:02] 12059/19968 hechas | 7.1 min | 0.32 s/corrida (pared) 1.26 s/corrida (CPU) | ETA 41.7 min | último p=691 r=4 N_max=3402 t_ext=166.0
[2026-10-02 09:48:17] 12109/19968 hechas | 7.4 min | 0.32 s/corrida (pared) 1.26 s/corrida (CPU) | ETA 41.3 min | último p=708 r=3 N_max=3323 t_ext=235.0
[2026-10-02 09:48:29] 12159/19968 hechas | 7.6 min | 0.31 s/corrida (pared) 1.25 s/corrida (CPU) | ETA 40.7 min | último p=724 r=5 N_max=4250 t_ext=156.0
[2026-10-02 09:48:42] 12209/19968 hechas | 7.8 min | 0.31 s/corrida (pared) 1.24 s/corrida (CPU) | ETA 40.2 min | último p=741 r=5 N_max=6852 t_ext=185.0
[2026-10-02 09:49:03] 12259/19968 hechas | 8.1 min | 0.32 s/corrida (pared) 1.26 s/corrida (CPU) | ETA 40.5 min | último p=758 r=3 N_max=1445 t_ext=177.0
[2026-10-02 09:49:22] 12309/19968 hechas | 8.5 min | 0.32 s/corrida (pared) 1.27 s/corrida (CPU) | ETA 40.5 min | último p=774 r=5 N_max=5955 t_ext=185.0
[2026-10-02 09:49:44] 12359/19968 hechas | 8.8 min | 0.32 s/corrida (pared) 1.28 s/corrida (CPU) | ETA 40.6 min | último p=791 r=4 N_max=3442 t_ext=217.0
[2026-10-02 09:49:56] 12409/19968 hechas | 9.0 min | 0.32 s/corrida (pared) 1.27 s/corrida (CPU) | ETA 40.1 min | último p=808 r=3 N_max=7276 t_ext=187.0
[2026-10-02 09:50:20] 12459/19968 hechas | 9.4 min | 0.32 s/corrida (pared) 1.29 s/corrida (CPU) | ETA 40.4 min | último p=823 r=5 N_max=7696 t_ext=156.0
[2026-10-02 09:50:46] 12509/19968 hechas | 9.8 min | 0.33 s/corrida (pared) 1.31 s/corrida (CPU) | ETA 40.8 min | último p=841 r=4 N_max=4909 t_ext=nan
[2026-10-02 09:51:00] 12559/19968 hechas | 10.1 min | 0.33 s/corrida (pared) 1.31 s/corrida (CPU) | ETA 40.4 min | último p=857 r=4 N_max=5028 t_ext=270.0
[2026-10-02 09:51:12] 12609/19968 hechas | 10.3 min | 0.32 s/corrida (pared) 1.30 s/corrida (CPU) | ETA 39.8 min | último p=874 r=5 N_max=2969 t_ext=174.0
[2026-10-02 09:51:19] 12659/19968 hechas | 10.4 min | 0.32 s/corrida (pared) 1.28 s/corrida (CPU) | ETA 39.0 min | último p=891 r=4 N_max=1302 t_ext=163.0
[2026-10-02 09:51:28] 12709/19968 hechas | 10.6 min | 0.32 s/corrida (pared) 1.26 s/corrida (CPU) | ETA 38.3 min | último p=908 r=3 N_max=3243 t_ext=157.0
[2026-10-02 09:51:46] 12759/19968 hechas | 10.9 min | 0.32 s/corrida (pared) 1.27 s/corrida (CPU) | ETA 38.2 min | último p=925 r=4 N_max=7069 t_ext=208.0
[2026-10-02 09:52:27] 12809/19968 hechas | 11.5 min | 0.33 s/corrida (pared) 1.32 s/corrida (CPU) | ETA 39.3 min | último p=941 r=4 N_max=3473 t_ext=249.0
[2026-10-02 09:52:40] 12859/19968 hechas | 11.8 min | 0.33 s/corrida (pared) 1.31 s/corrida (CPU) | ETA 38.9 min | último p=958 r=3 N_max=1938 t_ext=164.0
[2026-10-02 09:53:09] 12909/19968 hechas | 12.2 min | 0.33 s/corrida (pared) 1.33 s/corrida (CPU) | ETA 39.3 min | último p=974 r=5 N_max=1546 t_ext=177.0
[2026-10-02 09:53:22] 12959/19968 hechas | 12.4 min | 0.33 s/corrida (pared) 1.33 s/corrida (CPU) | ETA 38.8 min | último p=991 r=4 N_max=2968 t_ext=151.0
[2026-10-02 09:53:38] 13009/19968 hechas | 12.7 min | 0.33 s/corrida (pared) 1.33 s/corrida (CPU) | ETA 38.5 min | último p=1008 r=3 N_max=3681 t_ext=220.0
[2026-10-02 09:53:48] 13059/19968 hechas | 12.9 min | 0.33 s/corrida (pared) 1.31 s/corrida (CPU) | ETA 37.9 min | último p=1025 r=3 N_max=1612 t_ext=173.0
[2026-10-02 09:54:27] 13109/19968 hechas | 13.5 min | 0.34 s/corrida (pared) 1.35 s/corrida (CPU) | ETA 38.7 min | último p=1041 r=4 N_max=4683 t_ext=183.0
[2026-10-02 09:54:52] 13159/19968 hechas | 14.0 min | 0.34 s/corrida (pared) 1.36 s/corrida (CPU) | ETA 38.8 min | último p=1058 r=3 N_max=6164 t_ext=230.0
[2026-10-02 09:55:13] 13209/19968 hechas | 14.3 min | 0.34 s/corrida (pared) 1.37 s/corrida (CPU) | ETA 38.7 min | último p=1075 r=3 N_max=1149 t_ext=182.0
[2026-10-02 09:55:30] 13259/19968 hechas | 14.6 min | 0.34 s/corrida (pared) 1.37 s/corrida (CPU) | ETA 38.4 min | último p=1091 r=4 N_max=2890 t_ext=162.0
[2026-10-02 09:55:44] 13309/19968 hechas | 14.8 min | 0.34 s/corrida (pared) 1.37 s/corrida (CPU) | ETA 38.0 min | último p=1108 r=3 N_max=3177 t_ext=165.0
[2026-10-02 09:56:00] 13359/19968 hechas | 15.1 min | 0.34 s/corrida (pared) 1.36 s/corrida (CPU) | ETA 37.6 min | último p=1124 r=5 N_max=3728 t_ext=195.0
[2026-10-02 09:56:09] 13409/19968 hechas | 15.2 min | 0.34 s/corrida (pared) 1.35 s/corrida (CPU) | ETA 37.0 min | último p=1141 r=4 N_max=1461 t_ext=191.0
[2026-10-02 09:56:22] 13459/19968 hechas | 15.4 min | 0.34 s/corrida (pared) 1.35 s/corrida (CPU) | ETA 36.6 min | último p=1158 r=3 N_max=8390 t_ext=168.0
[2026-10-02 09:57:00] 13509/19968 hechas | 16.1 min | 0.34 s/corrida (pared) 1.38 s/corrida (CPU) | ETA 37.1 min | último p=1174 r=5 N_max=3492 t_ext=208.0
[2026-10-02 09:57:14] 13559/19968 hechas | 16.3 min | 0.34 s/corrida (pared) 1.37 s/corrida (CPU) | ETA 36.7 min | último p=1191 r=4 N_max=2415 t_ext=163.0
[2026-10-02 09:57:36] 13609/19968 hechas | 16.7 min | 0.35 s/corrida (pared) 1.38 s/corrida (CPU) | ETA 36.6 min | último p=1208 r=4 N_max=3186 t_ext=215.0
[2026-10-02 09:57:47] 13659/19968 hechas | 16.9 min | 0.34 s/corrida (pared) 1.37 s/corrida (CPU) | ETA 36.1 min | último p=1224 r=4 N_max=5915 t_ext=180.0
[2026-10-02 09:58:01] 13709/19968 hechas | 17.1 min | 0.34 s/corrida (pared) 1.37 s/corrida (CPU) | ETA 35.7 min | último p=1241 r=4 N_max=2475 t_ext=161.0
[2026-10-02 09:58:10] 13759/19968 hechas | 17.2 min | 0.34 s/corrida (pared) 1.36 s/corrida (CPU) | ETA 35.1 min | último p=1258 r=3 N_max=2205 t_ext=195.0
[2026-10-02 09:58:30] 13809/19968 hechas | 17.6 min | 0.34 s/corrida (pared) 1.36 s/corrida (CPU) | ETA 34.9 min | último p=1274 r=5 N_max=1796 t_ext=170.0
[2026-10-02 09:58:42] 13859/19968 hechas | 17.8 min | 0.34 s/corrida (pared) 1.35 s/corrida (CPU) | ETA 34.5 min | último p=1291 r=3 N_max=4844 t_ext=188.0
[2026-10-02 09:59:06] 13909/19968 hechas | 18.2 min | 0.34 s/corrida (pared) 1.36 s/corrida (CPU) | ETA 34.4 min | último p=1308 r=3 N_max=4712 t_ext=177.0
[2026-10-02 09:59:15] 13959/19968 hechas | 18.3 min | 0.34 s/corrida (pared) 1.35 s/corrida (CPU) | ETA 33.9 min | último p=1324 r=5 N_max=1519 t_ext=143.0
[2026-10-02 09:59:28] 14009/19968 hechas | 18.5 min | 0.34 s/corrida (pared) 1.35 s/corrida (CPU) | ETA 33.5 min | último p=1341 r=4 N_max=3161 t_ext=190.0
[2026-10-02 09:59:41] 14059/19968 hechas | 18.8 min | 0.34 s/corrida (pared) 1.34 s/corrida (CPU) | ETA 33.1 min | último p=1358 r=3 N_max=1827 t_ext=169.0
[2026-10-02 10:00:01] 14109/19968 hechas | 19.1 min | 0.34 s/corrida (pared) 1.35 s/corrida (CPU) | ETA 32.9 min | último p=1375 r=3 N_max=3488 t_ext=184.0
[2026-10-02 10:00:23] 14159/19968 hechas | 19.5 min | 0.34 s/corrida (pared) 1.35 s/corrida (CPU) | ETA 32.8 min | último p=1392 r=3 N_max=5494 t_ext=187.0
[2026-10-02 10:00:53] 14209/19968 hechas | 20.0 min | 0.34 s/corrida (pared) 1.37 s/corrida (CPU) | ETA 32.9 min | último p=1407 r=5 N_max=3932 t_ext=228.0
[2026-10-02 10:01:08] 14259/19968 hechas | 20.2 min | 0.34 s/corrida (pared) 1.36 s/corrida (CPU) | ETA 32.5 min | último p=1424 r=5 N_max=3274 t_ext=179.0
[2026-10-02 10:01:20] 14309/19968 hechas | 20.4 min | 0.34 s/corrida (pared) 1.36 s/corrida (CPU) | ETA 32.1 min | último p=1441 r=4 N_max=3798 t_ext=197.0
[2026-10-02 10:01:32] 14359/19968 hechas | 20.6 min | 0.34 s/corrida (pared) 1.35 s/corrida (CPU) | ETA 31.7 min | último p=1458 r=3 N_max=5155 t_ext=274.0
[2026-10-02 10:01:53] 14409/19968 hechas | 21.0 min | 0.34 s/corrida (pared) 1.36 s/corrida (CPU) | ETA 31.5 min | último p=1474 r=5 N_max=5821 t_ext=178.0
[2026-10-02 10:02:04] 14459/19968 hechas | 21.2 min | 0.34 s/corrida (pared) 1.35 s/corrida (CPU) | ETA 31.1 min | último p=1491 r=5 N_max=1922 t_ext=190.0
[2026-10-02 10:02:18] 14509/19968 hechas | 21.4 min | 0.34 s/corrida (pared) 1.35 s/corrida (CPU) | ETA 30.7 min | último p=1509 r=3 N_max=3539 t_ext=163.0
[2026-10-02 10:02:34] 14559/19968 hechas | 21.6 min | 0.34 s/corrida (pared) 1.35 s/corrida (CPU) | ETA 30.4 min | último p=1524 r=5 N_max=2907 t_ext=179.0
[2026-10-02 10:02:42] 14609/19968 hechas | 21.8 min | 0.34 s/corrida (pared) 1.34 s/corrida (CPU) | ETA 29.9 min | último p=1541 r=4 N_max=2471 t_ext=166.0
[2026-10-02 10:03:25] 14659/19968 hechas | 22.5 min | 0.34 s/corrida (pared) 1.37 s/corrida (CPU) | ETA 30.2 min | último p=1557 r=5 N_max=10530 t_ext=171.0
[2026-10-02 10:03:41] 14709/19968 hechas | 22.8 min | 0.34 s/corrida (pared) 1.36 s/corrida (CPU) | ETA 29.9 min | último p=1574 r=5 N_max=2340 t_ext=166.0
[2026-10-02 10:03:58] 14759/19968 hechas | 23.1 min | 0.34 s/corrida (pared) 1.36 s/corrida (CPU) | ETA 29.6 min | último p=1591 r=3 N_max=5493 t_ext=191.0
[2026-10-02 10:04:14] 14809/19968 hechas | 23.3 min | 0.34 s/corrida (pared) 1.36 s/corrida (CPU) | ETA 29.3 min | último p=1608 r=4 N_max=2420 t_ext=150.0
[2026-10-02 10:04:24] 14859/19968 hechas | 23.5 min | 0.34 s/corrida (pared) 1.36 s/corrida (CPU) | ETA 28.9 min | último p=1624 r=5 N_max=2417 t_ext=155.0
[2026-10-02 10:04:49] 14909/19968 hechas | 23.9 min | 0.34 s/corrida (pared) 1.36 s/corrida (CPU) | ETA 28.8 min | último p=1641 r=4 N_max=1435 t_ext=167.0
[2026-10-02 10:05:02] 14959/19968 hechas | 24.1 min | 0.34 s/corrida (pared) 1.36 s/corrida (CPU) | ETA 28.4 min | último p=1658 r=3 N_max=4180 t_ext=182.0
[2026-10-02 10:05:14] 15009/19968 hechas | 24.3 min | 0.34 s/corrida (pared) 1.36 s/corrida (CPU) | ETA 28.1 min | último p=1674 r=5 N_max=1652 t_ext=146.0
[2026-10-02 10:05:28] 15059/19968 hechas | 24.6 min | 0.34 s/corrida (pared) 1.35 s/corrida (CPU) | ETA 27.7 min | último p=1691 r=4 N_max=2374 t_ext=188.0
[2026-10-02 10:05:49] 15109/19968 hechas | 24.9 min | 0.34 s/corrida (pared) 1.36 s/corrida (CPU) | ETA 27.5 min | último p=1708 r=3 N_max=7839 t_ext=153.0
[2026-10-02 10:06:19] 15159/19968 hechas | 25.4 min | 0.34 s/corrida (pared) 1.37 s/corrida (CPU) | ETA 27.4 min | último p=1724 r=4 N_max=3702 t_ext=248.0
[2026-10-02 10:06:31] 15209/19968 hechas | 25.6 min | 0.34 s/corrida (pared) 1.36 s/corrida (CPU) | ETA 27.1 min | último p=1741 r=3 N_max=4103 t_ext=164.0
[2026-10-02 10:06:43] 15259/19968 hechas | 25.8 min | 0.34 s/corrida (pared) 1.36 s/corrida (CPU) | ETA 26.7 min | último p=1758 r=3 N_max=1597 t_ext=176.0
[2026-10-02 10:06:55] 15309/19968 hechas | 26.0 min | 0.34 s/corrida (pared) 1.35 s/corrida (CPU) | ETA 26.3 min | último p=1775 r=3 N_max=3270 t_ext=191.0
[2026-10-02 10:07:11] 15359/19968 hechas | 26.3 min | 0.34 s/corrida (pared) 1.35 s/corrida (CPU) | ETA 26.0 min | último p=1790 r=5 N_max=4922 t_ext=259.0
[2026-10-02 10:07:25] 15409/19968 hechas | 26.5 min | 0.34 s/corrida (pared) 1.35 s/corrida (CPU) | ETA 25.7 min | último p=1806 r=3 N_max=9187 t_ext=158.0
[2026-10-02 10:07:37] 15459/19968 hechas | 26.7 min | 0.34 s/corrida (pared) 1.35 s/corrida (CPU) | ETA 25.4 min | último p=1824 r=5 N_max=2126 t_ext=177.0
[2026-10-02 10:07:49] 15509/19968 hechas | 26.9 min | 0.34 s/corrida (pared) 1.34 s/corrida (CPU) | ETA 25.0 min | último p=1841 r=4 N_max=2292 t_ext=154.0
[2026-10-02 10:08:18] 15559/19968 hechas | 27.4 min | 0.34 s/corrida (pared) 1.35 s/corrida (CPU) | ETA 24.9 min | último p=1857 r=4 N_max=7526 t_ext=180.0
[2026-10-02 10:08:31] 15609/19968 hechas | 27.6 min | 0.34 s/corrida (pared) 1.35 s/corrida (CPU) | ETA 24.6 min | último p=1874 r=5 N_max=5586 t_ext=219.0
[2026-10-02 10:08:45] 15659/19968 hechas | 27.8 min | 0.34 s/corrida (pared) 1.35 s/corrida (CPU) | ETA 24.2 min | último p=1891 r=4 N_max=2355 t_ext=166.0
[2026-10-02 10:08:56] 15709/19968 hechas | 28.0 min | 0.34 s/corrida (pared) 1.34 s/corrida (CPU) | ETA 23.9 min | último p=1908 r=3 N_max=3226 t_ext=197.0
[2026-10-02 10:09:22] 15759/19968 hechas | 28.4 min | 0.34 s/corrida (pared) 1.35 s/corrida (CPU) | ETA 23.7 min | último p=1924 r=5 N_max=3514 t_ext=205.0
[2026-10-02 10:09:38] 15809/19968 hechas | 28.7 min | 0.34 s/corrida (pared) 1.35 s/corrida (CPU) | ETA 23.4 min | último p=1940 r=3 N_max=7252 t_ext=189.0
[2026-10-02 10:09:49] 15859/19968 hechas | 28.9 min | 0.34 s/corrida (pared) 1.35 s/corrida (CPU) | ETA 23.1 min | último p=1957 r=4 N_max=1842 t_ext=198.0
[2026-10-02 10:10:03] 15909/19968 hechas | 29.1 min | 0.34 s/corrida (pared) 1.34 s/corrida (CPU) | ETA 22.7 min | último p=1974 r=5 N_max=4134 t_ext=174.0
[2026-10-02 10:10:23] 15959/19968 hechas | 29.5 min | 0.34 s/corrida (pared) 1.35 s/corrida (CPU) | ETA 22.5 min | último p=1991 r=3 N_max=2383 t_ext=186.0
[2026-10-02 10:10:35] 16009/19968 hechas | 29.7 min | 0.34 s/corrida (pared) 1.34 s/corrida (CPU) | ETA 22.2 min | último p=2008 r=3 N_max=4017 t_ext=191.0
[2026-10-02 10:10:44] 16059/19968 hechas | 29.8 min | 0.33 s/corrida (pared) 1.34 s/corrida (CPU) | ETA 21.8 min | último p=2024 r=5 N_max=1808 t_ext=150.0
[2026-10-02 10:10:53] 16109/19968 hechas | 30.0 min | 0.33 s/corrida (pared) 1.33 s/corrida (CPU) | ETA 21.4 min | último p=2041 r=3 N_max=5864 t_ext=161.0
[2026-10-02 10:11:14] 16159/19968 hechas | 30.3 min | 0.33 s/corrida (pared) 1.33 s/corrida (CPU) | ETA 21.2 min | último p=2058 r=3 N_max=4335 t_ext=262.0
[2026-10-02 10:11:32] 16209/19968 hechas | 30.6 min | 0.33 s/corrida (pared) 1.33 s/corrida (CPU) | ETA 20.9 min | último p=2074 r=5 N_max=5783 t_ext=175.0
[2026-10-02 10:11:58] 16259/19968 hechas | 31.1 min | 0.34 s/corrida (pared) 1.34 s/corrida (CPU) | ETA 20.8 min | último p=2092 r=3 N_max=2109 t_ext=197.0
[2026-10-02 10:12:06] 16309/19968 hechas | 31.2 min | 0.33 s/corrida (pared) 1.33 s/corrida (CPU) | ETA 20.4 min | último p=2108 r=5 N_max=2614 t_ext=183.0
[2026-10-02 10:12:32] 16359/19968 hechas | 31.6 min | 0.34 s/corrida (pared) 1.34 s/corrida (CPU) | ETA 20.2 min | último p=2125 r=3 N_max=6418 t_ext=172.0
[2026-10-02 10:12:49] 16409/19968 hechas | 31.9 min | 0.34 s/corrida (pared) 1.34 s/corrida (CPU) | ETA 19.9 min | último p=2141 r=4 N_max=1915 t_ext=180.0
[2026-10-02 10:13:04] 16459/19968 hechas | 32.2 min | 0.34 s/corrida (pared) 1.34 s/corrida (CPU) | ETA 19.6 min | último p=2158 r=4 N_max=2674 t_ext=210.0
[2026-10-02 10:13:20] 16509/19968 hechas | 32.4 min | 0.34 s/corrida (pared) 1.34 s/corrida (CPU) | ETA 19.3 min | último p=2175 r=4 N_max=1885 t_ext=151.0
[2026-10-02 10:13:43] 16559/19968 hechas | 32.8 min | 0.34 s/corrida (pared) 1.34 s/corrida (CPU) | ETA 19.1 min | último p=2191 r=4 N_max=5052 t_ext=207.0
[2026-10-02 10:14:08] 16609/19968 hechas | 33.2 min | 0.34 s/corrida (pared) 1.35 s/corrida (CPU) | ETA 18.9 min | último p=2207 r=5 N_max=5579 t_ext=157.0
[2026-10-02 10:14:20] 16659/19968 hechas | 33.4 min | 0.34 s/corrida (pared) 1.35 s/corrida (CPU) | ETA 18.6 min | último p=2224 r=5 N_max=1252 t_ext=165.0
[2026-10-02 10:14:29] 16709/19968 hechas | 33.6 min | 0.34 s/corrida (pared) 1.34 s/corrida (CPU) | ETA 18.2 min | último p=2241 r=4 N_max=2892 t_ext=186.0
[2026-10-02 10:14:40] 16759/19968 hechas | 33.7 min | 0.33 s/corrida (pared) 1.34 s/corrida (CPU) | ETA 17.9 min | último p=2258 r=3 N_max=2063 t_ext=188.0
[2026-10-02 10:14:49] 16809/19968 hechas | 33.9 min | 0.33 s/corrida (pared) 1.33 s/corrida (CPU) | ETA 17.6 min | último p=2274 r=5 N_max=2843 t_ext=260.0
[2026-10-02 10:15:27] 16859/19968 hechas | 34.5 min | 0.34 s/corrida (pared) 1.35 s/corrida (CPU) | ETA 17.5 min | último p=2291 r=4 N_max=1660 t_ext=168.0
[2026-10-02 10:15:38] 16909/19968 hechas | 34.7 min | 0.34 s/corrida (pared) 1.34 s/corrida (CPU) | ETA 17.1 min | último p=2308 r=3 N_max=3615 t_ext=181.0
[2026-10-02 10:15:48] 16959/19968 hechas | 34.9 min | 0.33 s/corrida (pared) 1.34 s/corrida (CPU) | ETA 16.8 min | último p=2324 r=5 N_max=1401 t_ext=199.0
[2026-10-02 10:16:11] 17009/19968 hechas | 35.3 min | 0.34 s/corrida (pared) 1.34 s/corrida (CPU) | ETA 16.6 min | último p=2341 r=4 N_max=3435 t_ext=232.0
[2026-10-02 10:16:31] 17059/19968 hechas | 35.6 min | 0.34 s/corrida (pared) 1.34 s/corrida (CPU) | ETA 16.3 min | último p=2357 r=5 N_max=7877 t_ext=160.0
[2026-10-02 10:16:46] 17109/19968 hechas | 35.8 min | 0.34 s/corrida (pared) 1.34 s/corrida (CPU) | ETA 16.0 min | último p=2374 r=5 N_max=2264 t_ext=153.0
[2026-10-02 10:16:58] 17159/19968 hechas | 36.1 min | 0.34 s/corrida (pared) 1.34 s/corrida (CPU) | ETA 15.7 min | último p=2391 r=4 N_max=1902 t_ext=159.0
[2026-10-02 10:17:18] 17209/19968 hechas | 36.4 min | 0.34 s/corrida (pared) 1.34 s/corrida (CPU) | ETA 15.4 min | último p=2407 r=5 N_max=8409 t_ext=174.0
[2026-10-02 10:17:44] 17259/19968 hechas | 36.8 min | 0.34 s/corrida (pared) 1.35 s/corrida (CPU) | ETA 15.2 min | último p=2424 r=5 N_max=1402 t_ext=170.0
[2026-10-02 10:18:00] 17309/19968 hechas | 37.1 min | 0.34 s/corrida (pared) 1.35 s/corrida (CPU) | ETA 14.9 min | último p=2441 r=4 N_max=4648 t_ext=197.0
[2026-10-02 10:18:11] 17359/19968 hechas | 37.3 min | 0.34 s/corrida (pared) 1.34 s/corrida (CPU) | ETA 14.6 min | último p=2458 r=3 N_max=3991 t_ext=176.0
[2026-10-02 10:18:27] 17409/19968 hechas | 37.5 min | 0.34 s/corrida (pared) 1.34 s/corrida (CPU) | ETA 14.3 min | último p=2473 r=5 N_max=4506 t_ext=238.0
[2026-10-02 10:18:43] 17459/19968 hechas | 37.8 min | 0.34 s/corrida (pared) 1.34 s/corrida (CPU) | ETA 14.0 min | último p=2492 r=3 N_max=2048 t_ext=157.0
[2026-10-02 10:18:59] 17509/19968 hechas | 38.1 min | 0.34 s/corrida (pared) 1.34 s/corrida (CPU) | ETA 13.8 min | último p=2507 r=4 N_max=4644 t_ext=203.0
[2026-10-02 10:19:10] 17559/19968 hechas | 38.3 min | 0.34 s/corrida (pared) 1.34 s/corrida (CPU) | ETA 13.5 min | último p=2524 r=5 N_max=4273 t_ext=200.0
[2026-10-02 10:19:22] 17609/19968 hechas | 38.5 min | 0.33 s/corrida (pared) 1.34 s/corrida (CPU) | ETA 13.1 min | último p=2541 r=4 N_max=1636 t_ext=163.0
[2026-10-02 10:19:30] 17659/19968 hechas | 38.6 min | 0.33 s/corrida (pared) 1.33 s/corrida (CPU) | ETA 12.8 min | último p=2558 r=3 N_max=2176 t_ext=213.0
[2026-10-02 10:19:58] 17709/19968 hechas | 39.1 min | 0.33 s/corrida (pared) 1.34 s/corrida (CPU) | ETA 12.6 min | último p=2573 r=5 N_max=5791 t_ext=217.0
[2026-10-02 10:20:12] 17759/19968 hechas | 39.3 min | 0.33 s/corrida (pared) 1.34 s/corrida (CPU) | ETA 12.3 min | último p=2590 r=5 N_max=4594 t_ext=217.0
[2026-10-02 10:20:52] 17809/19968 hechas | 39.9 min | 0.34 s/corrida (pared) 1.35 s/corrida (CPU) | ETA 12.1 min | último p=2607 r=4 N_max=8129 t_ext=149.0
[2026-10-02 10:21:09] 17859/19968 hechas | 40.2 min | 0.34 s/corrida (pared) 1.35 s/corrida (CPU) | ETA 11.9 min | último p=2624 r=5 N_max=2700 t_ext=163.0
[2026-10-02 10:21:17] 17909/19968 hechas | 40.4 min | 0.34 s/corrida (pared) 1.34 s/corrida (CPU) | ETA 11.5 min | último p=2640 r=5 N_max=3169 t_ext=170.0
[2026-10-02 10:21:29] 17959/19968 hechas | 40.6 min | 0.34 s/corrida (pared) 1.34 s/corrida (CPU) | ETA 11.2 min | último p=2658 r=3 N_max=2097 t_ext=199.0
[2026-10-02 10:21:46] 18009/19968 hechas | 40.8 min | 0.34 s/corrida (pared) 1.34 s/corrida (CPU) | ETA 11.0 min | último p=2674 r=5 N_max=3833 t_ext=181.0
[2026-10-02 10:21:56] 18059/19968 hechas | 41.0 min | 0.33 s/corrida (pared) 1.34 s/corrida (CPU) | ETA 10.7 min | último p=2691 r=4 N_max=4534 t_ext=190.0
[2026-10-02 10:22:14] 18109/19968 hechas | 41.3 min | 0.34 s/corrida (pared) 1.34 s/corrida (CPU) | ETA 10.4 min | último p=2708 r=3 N_max=3389 t_ext=168.0
[2026-10-02 10:22:32] 18159/19968 hechas | 41.6 min | 0.34 s/corrida (pared) 1.34 s/corrida (CPU) | ETA 10.1 min | último p=2724 r=5 N_max=4813 t_ext=217.0
[2026-10-02 10:22:42] 18209/19968 hechas | 41.8 min | 0.33 s/corrida (pared) 1.34 s/corrida (CPU) | ETA 9.8 min | último p=2741 r=4 N_max=1337 t_ext=150.0
[2026-10-02 10:22:56] 18259/19968 hechas | 42.0 min | 0.33 s/corrida (pared) 1.33 s/corrida (CPU) | ETA 9.5 min | último p=2758 r=3 N_max=3478 t_ext=205.0
[2026-10-02 10:23:07] 18309/19968 hechas | 42.2 min | 0.33 s/corrida (pared) 1.33 s/corrida (CPU) | ETA 9.2 min | último p=2774 r=5 N_max=2042 t_ext=182.0
[2026-10-02 10:23:28] 18359/19968 hechas | 42.6 min | 0.33 s/corrida (pared) 1.33 s/corrida (CPU) | ETA 9.0 min | último p=2791 r=3 N_max=6215 t_ext=203.0
[2026-10-02 10:23:42] 18409/19968 hechas | 42.8 min | 0.33 s/corrida (pared) 1.33 s/corrida (CPU) | ETA 8.7 min | último p=2808 r=4 N_max=1418 t_ext=142.0
[2026-10-02 10:23:53] 18459/19968 hechas | 43.0 min | 0.33 s/corrida (pared) 1.33 s/corrida (CPU) | ETA 8.4 min | último p=2824 r=5 N_max=2688 t_ext=191.0
[2026-10-02 10:24:04] 18509/19968 hechas | 43.2 min | 0.33 s/corrida (pared) 1.33 s/corrida (CPU) | ETA 8.1 min | último p=2841 r=5 N_max=2667 t_ext=209.0
[2026-10-02 10:24:59] 18559/19968 hechas | 44.1 min | 0.34 s/corrida (pared) 1.34 s/corrida (CPU) | ETA 7.9 min | último p=2857 r=5 N_max=8688 t_ext=172.0
[2026-10-02 10:25:29] 18609/19968 hechas | 44.6 min | 0.34 s/corrida (pared) 1.35 s/corrida (CPU) | ETA 7.7 min | último p=2874 r=5 N_max=1672 t_ext=153.0
[2026-10-02 10:25:38] 18659/19968 hechas | 44.7 min | 0.34 s/corrida (pared) 1.35 s/corrida (CPU) | ETA 7.4 min | último p=2891 r=4 N_max=4118 t_ext=233.0
[2026-10-02 10:25:49] 18709/19968 hechas | 44.9 min | 0.34 s/corrida (pared) 1.35 s/corrida (CPU) | ETA 7.1 min | último p=2908 r=3 N_max=3076 t_ext=194.0
[2026-10-02 10:26:00] 18759/19968 hechas | 45.1 min | 0.34 s/corrida (pared) 1.34 s/corrida (CPU) | ETA 6.8 min | último p=2924 r=4 N_max=4300 t_ext=226.0
[2026-10-02 10:26:34] 18809/19968 hechas | 45.6 min | 0.34 s/corrida (pared) 1.35 s/corrida (CPU) | ETA 6.5 min | último p=2941 r=4 N_max=1509 t_ext=159.0
[2026-10-02 10:26:47] 18859/19968 hechas | 45.9 min | 0.34 s/corrida (pared) 1.35 s/corrida (CPU) | ETA 6.2 min | último p=2958 r=3 N_max=4605 t_ext=169.0
[2026-10-02 10:27:03] 18909/19968 hechas | 46.1 min | 0.34 s/corrida (pared) 1.35 s/corrida (CPU) | ETA 6.0 min | último p=2974 r=5 N_max=3651 t_ext=174.0
[2026-10-02 10:27:13] 18959/19968 hechas | 46.3 min | 0.34 s/corrida (pared) 1.35 s/corrida (CPU) | ETA 5.7 min | último p=2991 r=4 N_max=5750 t_ext=202.0
[2026-10-02 10:27:31] 19009/19968 hechas | 46.6 min | 0.34 s/corrida (pared) 1.35 s/corrida (CPU) | ETA 5.4 min | último p=3007 r=5 N_max=8089 t_ext=168.0
[2026-10-02 10:27:47] 19059/19968 hechas | 46.9 min | 0.34 s/corrida (pared) 1.35 s/corrida (CPU) | ETA 5.1 min | último p=3025 r=3 N_max=2856 t_ext=170.0
[2026-10-02 10:27:58] 19109/19968 hechas | 47.1 min | 0.34 s/corrida (pared) 1.34 s/corrida (CPU) | ETA 4.8 min | último p=3042 r=4 N_max=1517 t_ext=146.0
[2026-10-02 10:28:15] 19159/19968 hechas | 47.3 min | 0.34 s/corrida (pared) 1.34 s/corrida (CPU) | ETA 4.5 min | último p=3058 r=3 N_max=9371 t_ext=192.0
[2026-10-02 10:28:53] 19209/19968 hechas | 48.0 min | 0.34 s/corrida (pared) 1.35 s/corrida (CPU) | ETA 4.3 min | último p=3074 r=5 N_max=4826 t_ext=261.0
[2026-10-02 10:29:15] 19259/19968 hechas | 48.3 min | 0.34 s/corrida (pared) 1.36 s/corrida (CPU) | ETA 4.0 min | último p=3091 r=4 N_max=5167 t_ext=152.0
[2026-10-02 10:29:27] 19309/19968 hechas | 48.5 min | 0.34 s/corrida (pared) 1.35 s/corrida (CPU) | ETA 3.7 min | último p=3108 r=3 N_max=2622 t_ext=161.0
[2026-10-02 10:29:37] 19359/19968 hechas | 48.7 min | 0.34 s/corrida (pared) 1.35 s/corrida (CPU) | ETA 3.4 min | último p=3124 r=4 N_max=1924 t_ext=274.0
[2026-10-02 10:29:48] 19409/19968 hechas | 48.9 min | 0.34 s/corrida (pared) 1.35 s/corrida (CPU) | ETA 3.1 min | último p=3141 r=4 N_max=2752 t_ext=155.0
[2026-10-02 10:30:10] 19459/19968 hechas | 49.3 min | 0.34 s/corrida (pared) 1.35 s/corrida (CPU) | ETA 2.9 min | último p=3159 r=3 N_max=2170 t_ext=172.0
[2026-10-02 10:30:21] 19509/19968 hechas | 49.4 min | 0.34 s/corrida (pared) 1.35 s/corrida (CPU) | ETA 2.6 min | último p=3174 r=5 N_max=2461 t_ext=155.0
[2026-10-02 10:30:34] 19559/19968 hechas | 49.7 min | 0.34 s/corrida (pared) 1.35 s/corrida (CPU) | ETA 2.3 min | último p=3191 r=5 N_max=4995 t_ext=170.0
[2026-10-02 10:30:47] 19609/19968 hechas | 49.9 min | 0.34 s/corrida (pared) 1.34 s/corrida (CPU) | ETA 2.0 min | último p=3208 r=3 N_max=2980 t_ext=202.0
[2026-10-02 10:31:01] 19659/19968 hechas | 50.1 min | 0.34 s/corrida (pared) 1.34 s/corrida (CPU) | ETA 1.7 min | último p=3224 r=4 N_max=5114 t_ext=167.0
[2026-10-02 10:31:18] 19709/19968 hechas | 50.4 min | 0.34 s/corrida (pared) 1.34 s/corrida (CPU) | ETA 1.5 min | último p=3241 r=4 N_max=2871 t_ext=166.0
[2026-10-02 10:31:28] 19759/19968 hechas | 50.6 min | 0.34 s/corrida (pared) 1.34 s/corrida (CPU) | ETA 1.2 min | último p=3258 r=3 N_max=2829 t_ext=232.0
[2026-10-02 10:31:44] 19809/19968 hechas | 50.8 min | 0.34 s/corrida (pared) 1.34 s/corrida (CPU) | ETA 0.9 min | último p=3274 r=3 N_max=5019 t_ext=164.0
[2026-10-02 10:32:01] 19859/19968 hechas | 51.1 min | 0.34 s/corrida (pared) 1.34 s/corrida (CPU) | ETA 0.6 min | último p=3291 r=4 N_max=8357 t_ext=172.0
[2026-10-02 10:32:29] 19909/19968 hechas | 51.6 min | 0.34 s/corrida (pared) 1.34 s/corrida (CPU) | ETA 0.3 min | último p=3307 r=5 N_max=2797 t_ext=164.0
[2026-10-02 10:32:43] 19959/19968 hechas | 51.8 min | 0.34 s/corrida (pared) 1.34 s/corrida (CPU) | ETA 0.1 min | último p=3324 r=5 N_max=4111 t_ext=nan
[2026-10-02 10:32:46] 19968/19968 hechas | 51.8 min | 0.34 s/corrida (pared) 1.34 s/corrida (CPU) | ETA 0.0 min | último p=3327 r=5 N_max=2566 t_ext=166.0
[2026-10-02 10:32:46] fin de la invocación: 19968/19968 hechas, 0 fallas, 51.8 min
